Microchip MPLAB XC8 Compiler V1.32 ()

Linker command line:

--edf=D:\Program Files (x86)\Microchip\xc8\v1.32\dat\en_msgs.txt -cs \
  -h+dist/default/production\tlc5940_servo_controller.X.production.sym \
  --cmf=dist/default/production\tlc5940_servo_controller.X.production.cmf \
  -z -Q18F4520 -oD:\temp_folders\temp\s3fc.6 \
  -Mdist/default/production/tlc5940_servo_controller.X.production.map -E1 \
  -ver=XC8 -ASTACK=080h-05ffh -pstack=STACK -ACODE=00h-07FFFh \
  -ACONST=00h-07FFFh -ASMALLCONST=0600h-06FFhx122 \
  -AMEDIUMCONST=0600h-07FFFh -ACOMRAM=01h-07Fh -AABS1=00h-05FFh \
  -ABIGRAM=01h-05FFh -ARAM=080h-0FFh,0100h-01FFhx5 -ABANK0=080h-0FFh \
  -ABANK1=0100h-01FFh -ABANK2=0200h-02FFh -ABANK3=0300h-03FFh \
  -ABANK4=0400h-04FFh -ABANK5=0500h-05FFh -ASFR=0F80h-0FFFh \
  -preset_vec=00h,intcode=08h,intcodelo,powerup,init,end_init \
  -pramtop=0600h -psmallconst=SMALLCONST -pmediumconst=MEDIUMCONST \
  -pconst=CONST -AFARRAM=00h-00h -ACONFIG=0300000h-030000Dh -pconfig=CONFIG \
  -AIDLOC=0200000h-0200007h -pidloc=IDLOC -AEEDATA=0F00000h-0F000FFh \
  -peeprom_data=EEDATA \
  -prdata=COMRAM,nvrram=COMRAM,nvbit=COMRAM,rbss=COMRAM,rbit=COMRAM \
  -pfarbss=FARRAM,fardata=FARRAM,nvFARRAM=FARRAM \
  -pintsave_regs=BIGRAM,bigbss=BIGRAM,bigdata=BIGRAM -pbss=RAM \
  -pidata=CODE,irdata=CODE,ibigdata=CODE,ifardata=CODE \
  D:\temp_folders\temp\s3fc.obj \
  dist/default/production\tlc5940_servo_controller.X.production.obj 

Object code version is 3.11

Machine type is 18F4520

Call graph: (short form)




                Name                               Link     Load   Length Selector   Space Scale
D:\temp_folders\temp\s3fc.obj
                end_init                             18       18        4        4       0
                reset_vec                             0        0        4        0       0
                idloc                            200000   200000        8   200000       0
                config                           300000   300000        E   300000       0
dist/default/production\tlc5940_servo_controller.X.production.obj
                intcode                               8        8       10        4       0
                text11                              6E2      6E2       30        4       0
                text10                              790      790        C        4       0
                text9                               1FA      1FA      19E        4       0
                text8                               732      732       1C        4       0
                text7                               6B2      6B2       30        4       0
                text6                               768      768       16        4       0
                text5                               74E      74E       1A        4       0
                text4                               712      712       20        4       0
                text3                                1C       1C      1DE        4       0
                text2                               558      558       C8        4       0
                text1                               398      398       F6        4       0
                text0                               48E      48E       CA        4       0
                cstackCOMRAM                         23       23       1E        1       1
                bssCOMRAM                             1        1       22        1       1
                cinit                               77E      77E       12        4       0
                intcode_body                        620      620       92        4       0

TOTAL           Name                               Link     Load   Length     Space
        CLASS   STACK          

        CLASS   CODE           
                end_init                             18       18        4         0
                intcode                               8        8       10         0
                reset_vec                             0        0        4         0
                text11                              6E2      6E2       30         0
                text10                              790      790        C         0
                text9                               1FA      1FA      19E         0
                text8                               732      732       1C         0
                text7                               6B2      6B2       30         0
                text6                               768      768       16         0
                text5                               74E      74E       1A         0
                text4                               712      712       20         0
                text3                                1C       1C      1DE         0
                text2                               558      558       C8         0
                text1                               398      398       F6         0
                text0                               48E      48E       CA         0
                cinit                               77E      77E       12         0
                intcode_body                        620      620       92         0

        CLASS   CONST          

        CLASS   SMALLCONST     

        CLASS   MEDIUMCONST    

        CLASS   COMRAM         
                cstackCOMRAM                         23       23       1E         1
                bssCOMRAM                             1        1       22         1

        CLASS   ABS1           

        CLASS   BIGRAM         

        CLASS   RAM            

        CLASS   BANK0          

        CLASS   BANK1          

        CLASS   BANK2          

        CLASS   BANK3          

        CLASS   BANK4          

        CLASS   BANK5          

        CLASS   SFR            

        CLASS   FARRAM         

        CLASS   CONFIG         
                config                           300000   300000        E         0

        CLASS   IDLOC          
                idloc                            200000   200000        8         0

        CLASS   EEDATA         



SEGMENTS        Name                           Load    Length   Top    Selector   Space  Class

                reset_vec                      000000  000004  000004         0       0  CODE    
                bssCOMRAM                      000001  000040  000041         1       1  COMRAM  
                intcode                        000008  000794  00079C         4       0  CODE    
                idloc                          200000  000008  200008    200000       0  IDLOC   
                config                         300000  00000E  30000E    300000       0  CONFIG  


UNUSED ADDRESS RANGES

        Name                Unused          Largest block    Delta
        BANK0            000080-0000FF               80
        BANK1            000100-0001FF              100
        BANK2            000200-0002FF              100
        BANK3            000300-0003FF              100
        BANK4            000400-0004FF              100
        BANK5            000500-0005FF              100
        BIGRAM           000041-0005FF              5BF
        CODE             000004-000007                4
                         00079C-007FFF             7864
        COMRAM           000041-00007F               3F
        CONST            000004-000007                4
                         00079C-007FFF             7864
        EEDATA           F00000-F000FF              100
        MEDIUMCONST      00079C-007FFF             7864
        RAM              000080-0005FF              100
        SFR              000F80-000FFF               80
        SMALLCONST       00079C-007FFF              100
        STACK            000080-0005FF              580

                                  Symbol Table

_CCP1CON                       (abs)        000FBD
_CCPR1L                        (abs)        000FBE
_INTCONbits                    (abs)        000FF2
_LATDbits                      (abs)        000F8C
_PIE1bits                      (abs)        000F9D
_PIR1bits                      (abs)        000F9E
_PR2                           (abs)        000FCB
_SSPBUF                        (abs)        000FC9
_SSPCON1bits                   (abs)        000FC6
_SSPSTATbits                   (abs)        000FC7
_T2CON                         (abs)        000FCA
_T2CONbits                     (abs)        000FCA
_TRISCbits                     (abs)        000F94
_TRISDbits                     (abs)        000F95
__CFG_BOREN$OFF                (abs)        000000
__CFG_CP0$OFF                  (abs)        000000
__CFG_CP1$OFF                  (abs)        000000
__CFG_CP2$OFF                  (abs)        000000
__CFG_CP3$OFF                  (abs)        000000
__CFG_LVP$OFF                  (abs)        000000
__CFG_MCLRE$ON                 (abs)        000000
__CFG_OSC$HS                   (abs)        000000
__CFG_PWRT$OFF                 (abs)        000000
__CFG_WDT$OFF                  (abs)        000000
__HRAM                         (abs)        000000
__Habs1                        abs1         000000
__Hbank0                       bank0        000000
__Hbank1                       bank1        000000
__Hbank2                       bank2        000000
__Hbank3                       bank3        000000
__Hbank4                       bank4        000000
__Hbank5                       bank5        000000
__Hbigbss                      bigbss       000000
__Hbigdata                     bigdata      000000
__Hbigram                      bigram       000000
__Hbss                         bss          000000
__HbssCOMRAM                   bssCOMRAM    000000
__Hcinit                       cinit        000000
__Hclrtext                     clrtext      000000
__Hcomram                      comram       000000
__Hconfig                      config       30000E
__Hconst                       const        000000
__HcstackCOMRAM                cstackCOMRAM 000000
__Hdata                        data         000000
__Heeprom_data                 eeprom_data  000000
__Hend_init                    end_init     00001C
__Hfarbss                      farbss       000000
__Hfardata                     fardata      000000
__Hibigdata                    ibigdata     000000
__Hidata                       idata        000000
__Hidloc                       idloc        200008
__Hifardata                    ifardata     000000
__Hinit                        init         000018
__Hintcode                     intcode      000018
__Hintcode_body                intcode_body 000000
__Hintcodelo                   intcodelo    000018
__Hintentry                    intentry     000000
__Hintret                      intret       000000
__Hintsave_regs                intsave_regs 000000
__Hirdata                      irdata       000000
__Hmediumconst                 mediumconst  000000
__HnvFARRAM                    nvFARRAM     000000
__Hnvbit                       nvbit        000000
__Hnvrram                      nvrram       000000
__Hparam                       rparam       000000
__Hpowerup                     powerup      000018
__Hram                         ram          000000
__Hramtop                      ramtop       000600
__Hrbit                        rbit         000000
__Hrbss                        rbss         000000
__Hrdata                       rdata        000000
__Hreset_vec                   reset_vec    000004
__Hrparam                      rparam       000000
__Hsfr                         sfr          000000
__Hsmallconst                  smallconst   000000
__Hspace_0                     (abs)        30000E
__Hspace_1                     (abs)        000041
__Hspace_2                     (abs)        000000
__Hstack                       stack        000000
__Hstruct                      struct       000000
__Htemp                        temp         000000
__Htext                        text         000000
__Htext0                       text0        000000
__Htext1                       text1        000000
__Htext10                      text10       000000
__Htext11                      text11       000000
__Htext2                       text2        000000
__Htext3                       text3        000000
__Htext4                       text4        000000
__Htext5                       text5        000000
__Htext6                       text6        000000
__Htext7                       text7        000000
__Htext8                       text8        000000
__Htext9                       text9        000000
__LRAM                         (abs)        000001
__Labs1                        abs1         000000
__Lbank0                       bank0        000000
__Lbank1                       bank1        000000
__Lbank2                       bank2        000000
__Lbank3                       bank3        000000
__Lbank4                       bank4        000000
__Lbank5                       bank5        000000
__Lbigbss                      bigbss       000000
__Lbigdata                     bigdata      000000
__Lbigram                      bigram       000000
__Lbss                         bss          000000
__LbssCOMRAM                   bssCOMRAM    000000
__Lcinit                       cinit        000000
__Lclrtext                     clrtext      000000
__Lcomram                      comram       000000
__Lconfig                      config       300000
__Lconst                       const        000000
__LcstackCOMRAM                cstackCOMRAM 000000
__Ldata                        data         000000
__Leeprom_data                 eeprom_data  000000
__Lend_init                    end_init     000018
__Lfarbss                      farbss       000000
__Lfardata                     fardata      000000
__Libigdata                    ibigdata     000000
__Lidata                       idata        000000
__Lidloc                       idloc        200000
__Lifardata                    ifardata     000000
__Linit                        init         000018
__Lintcode                     intcode      000008
__Lintcode_body                intcode_body 000000
__Lintcodelo                   intcodelo    000018
__Lintentry                    intentry     000000
__Lintret                      intret       000000
__Lintsave_regs                intsave_regs 000000
__Lirdata                      irdata       000000
__Lmediumconst                 mediumconst  000000
__LnvFARRAM                    nvFARRAM     000000
__Lnvbit                       nvbit        000000
__Lnvrram                      nvrram       000000
__Lparam                       rparam       000000
__Lpowerup                     powerup      000018
__Lram                         ram          000000
__Lramtop                      ramtop       000600
__Lrbit                        rbit         000000
__Lrbss                        rbss         000000
__Lrdata                       rdata        000000
__Lreset_vec                   reset_vec    000000
__Lrparam                      rparam       000000
__Lsfr                         sfr          000000
__Lsmallconst                  smallconst   000000
__Lspace_0                     (abs)        000000
__Lspace_1                     (abs)        000000
__Lspace_2                     (abs)        000000
__Lstack                       stack        000000
__Lstruct                      struct       000000
__Ltemp                        temp         000000
__Ltext                        text         000000
__Ltext0                       text0        000000
__Ltext1                       text1        000000
__Ltext10                      text10       000000
__Ltext11                      text11       000000
__Ltext2                       text2        000000
__Ltext3                       text3        000000
__Ltext4                       text4        000000
__Ltext5                       text5        000000
__Ltext6                       text6        000000
__Ltext7                       text7        000000
__Ltext8                       text8        000000
__Ltext9                       text9        000000
__S0                           (abs)        30000E
__S1                           (abs)        000041
__S2                           (abs)        000000
___inthi_sp                    stack        000000
___intlo_sp                    stack        000000
___sp                          stack        000000
__accesstop                    (abs)        000080
__activetblptr                 (abs)        000000
__end_of__initialization       cinit        00078A
__end_of_delay_sec             text11       000712
__end_of_main                  text0        000558
__end_of_tlc_init              text9        000398
__end_of_tlc_interrupt_blank   intcode_body 0006B2
__end_of_tlc_pwm_init          text8        00074E
__end_of_tlc_set               text7        0006E2
__end_of_tlc_spi_init          text6        00077E
__end_of_tlc_spi_send_data     text10       00079C
__end_of_tlc_sweep_delay       text4        000732
__end_of_tlc_sweep_set         text5        000768
__end_of_tlc_sweep_update      text3        0001FA
__end_of_tlc_update            text2        000620
__end_of_tlc_write             text1        00048E
__initialization               cinit        00077E
__mediumconst                  mediumconst  000000
__pbssCOMRAM                   bssCOMRAM    000001
__pcinit                       cinit        00077E
__pcstackCOMRAM                cstackCOMRAM 000023
__pintcode                     intcode      000008
__pintcode_body                intcode_body 000620
__ptext0                       text0        00048E
__ptext1                       text1        000398
__ptext10                      text10       000790
__ptext11                      text11       0006E2
__ptext2                       text2        000558
__ptext3                       text3        00001C
__ptext4                       text4        000712
__ptext5                       text5        00074E
__ptext6                       text6        000768
__ptext7                       text7        0006B2
__ptext8                       text8        000732
__ptext9                       text9        0001FA
__ramtop                       ramtop       000600
__size_of_delay_sec            (abs)        000000
__size_of_main                 (abs)        000000
__size_of_tlc_init             (abs)        000000
__size_of_tlc_interrupt_blank  (abs)        000000
__size_of_tlc_pwm_init         (abs)        000000
__size_of_tlc_set              (abs)        000000
__size_of_tlc_spi_init         (abs)        000000
__size_of_tlc_spi_send_data    (abs)        000000
__size_of_tlc_sweep_delay      (abs)        000000
__size_of_tlc_sweep_set        (abs)        000000
__size_of_tlc_sweep_update     (abs)        000000
__size_of_tlc_update           (abs)        000000
__size_of_tlc_write            (abs)        000000
__smallconst                   smallconst   000000
_delay_sec                     text11       0006E2
_main                          text0        00048E
_tlc_init                      text9        0001FA
_tlc_interrupt_blank           intcode      000008
_tlc_interrupt_counter         bssCOMRAM    000021
_tlc_pwm_init                  text8        000732
_tlc_servo                     bssCOMRAM    000001
_tlc_servo_temp                bssCOMRAM    000011
_tlc_set                       text7        0006B2
_tlc_spi_init                  text6        000768
_tlc_spi_send_data             text10       000790
_tlc_sweep_delay               text4        000712
_tlc_sweep_set                 text5        00074E
_tlc_sweep_update              text3        00001C
_tlc_update                    text2        000558
_tlc_write                     text1        000398
delay_sec@i                    cstackCOMRAM 000032
end_of_initialization          cinit        00078A
int_func                       intcode_body 000620
intlevel0                      text         000000
intlevel1                      text         000000
intlevel2                      text         000000
intlevel3                      text         000000
stackhi                        (abs)        0005FF
stacklo                        (abs)        000080
start                          init         000018
start_initialization           cinit        00077E
tlc_init@counter               cstackCOMRAM 000038
tlc_init@i                     cstackCOMRAM 000037
tlc_init@i_603                 cstackCOMRAM 000039
tlc_init@i_605                 cstackCOMRAM 00003B
tlc_set@tlc_servo_number       cstackCOMRAM 000032
tlc_set@value                  cstackCOMRAM 000031
tlc_spi_send_data@data         cstackCOMRAM 000031
tlc_sweep_delay@count          cstackCOMRAM 000031
tlc_sweep_set@tlc_servo_number cstackCOMRAM 000032
tlc_sweep_set@value            cstackCOMRAM 000031
tlc_sweep_update@counter       cstackCOMRAM 00003D
tlc_sweep_update@i             cstackCOMRAM 00003F
tlc_sweep_update@i_627         cstackCOMRAM 00003E
tlc_sweep_update@j             cstackCOMRAM 00003B
tlc_sweep_update@speed         cstackCOMRAM 000034
tlc_update@counter             cstackCOMRAM 000037
tlc_update@i                   cstackCOMRAM 000038
tlc_write@counter              cstackCOMRAM 000039
tlc_write@i                    cstackCOMRAM 00003A
tlc_write@tlc_servo_number     cstackCOMRAM 000038
tlc_write@value                cstackCOMRAM 000032


FUNCTION INFORMATION:

 *************** function _main *****************
 Defined at:
		line 48 in file "main.c"
 Parameters:    Size  Location     Type
		None
 Auto vars:     Size  Location     Type
		None
 Return value:  Size  Location     Type
                  2  135[COMRAM] int 
 Registers used:
		wreg, fsr1l, fsr1h, fsr2l, fsr2h, status,2, status,0, prodl, prodh, cstack
 Tracked objects:
		On entry : 
		On exit  : 
		Unchanged: 
 Data sizes:     COMRAM   BANK0   BANK1   BANK2   BANK3   BANK4   BANK5
      Params:         0       0       0       0       0       0       0
      Locals:         0       0       0       0       0       0       0
      Temps:          0       0       0       0       0       0       0
      Totals:         0       0       0       0       0       0       0
Total ram usage:        0 bytes
 Hardware stack levels required when called:    3
 This function calls:
		_delay_sec
		_tlc_init
		_tlc_pwm_init
		_tlc_set
		_tlc_spi_init
		_tlc_sweep_set
		_tlc_sweep_update
		_tlc_update
		_tlc_write
 This function is called by:
		Startup code after reset
 This function uses a non-reentrant model


 *************** function _tlc_write *****************
 Defined at:
		line 224 in file "tlc5940.c"
 Parameters:    Size  Location     Type
  tlc_servo_nu    1    wreg     unsigned char 
  value           1   15[COMRAM] unsigned char 
 Auto vars:     Size  Location     Type
  tlc_servo_nu    1   21[COMRAM] unsigned char 
  i               1   23[COMRAM] unsigned char 
  counter         1   22[COMRAM] unsigned char 
 Return value:  Size  Location     Type
		None               void
 Registers used:
		wreg, fsr2l, fsr2h, status,2, status,0, prodl, prodh, cstack
 Tracked objects:
		On entry : 
		On exit  : 
		Unchanged: 
 Data sizes:     COMRAM   BANK0   BANK1   BANK2   BANK3   BANK4   BANK5
      Params:         1       0       0       0       0       0       0
      Locals:         3       0       0       0       0       0       0
      Temps:          5       0       0       0       0       0       0
      Totals:         9       0       0       0       0       0       0
Total ram usage:        9 bytes
 Hardware stack levels used:    1
 Hardware stack levels required when called:    2
 This function calls:
		_tlc_spi_send_data
 This function is called by:
		_main
 This function uses a non-reentrant model


 *************** function _tlc_update *****************
 Defined at:
		line 169 in file "tlc5940.c"
 Parameters:    Size  Location     Type
		None
 Auto vars:     Size  Location     Type
  i               1   21[COMRAM] unsigned char 
  counter         1   20[COMRAM] unsigned char 
 Return value:  Size  Location     Type
		None               void
 Registers used:
		wreg, fsr2l, fsr2h, status,2, status,0, cstack
 Tracked objects:
		On entry : 
		On exit  : 
		Unchanged: 
 Data sizes:     COMRAM   BANK0   BANK1   BANK2   BANK3   BANK4   BANK5
      Params:         0       0       0       0       0       0       0
      Locals:         2       0       0       0       0       0       0
      Temps:          5       0       0       0       0       0       0
      Totals:         7       0       0       0       0       0       0
Total ram usage:        7 bytes
 Hardware stack levels used:    1
 Hardware stack levels required when called:    2
 This function calls:
		_tlc_spi_send_data
 This function is called by:
		_main
 This function uses a non-reentrant model


 *************** function _tlc_sweep_update *****************
 Defined at:
		line 273 in file "tlc5940.c"
 Parameters:    Size  Location     Type
  speed           2   17[COMRAM] int 
 Auto vars:     Size  Location     Type
  i               1   27[COMRAM] unsigned char 
  i               2   28[COMRAM] int 
  counter         1   26[COMRAM] unsigned char 
  j               2   24[COMRAM] int 
 Return value:  Size  Location     Type
		None               void
 Registers used:
		wreg, fsr1l, fsr1h, fsr2l, fsr2h, status,2, status,0, prodl, cstack
 Tracked objects:
		On entry : 
		On exit  : 
		Unchanged: 
 Data sizes:     COMRAM   BANK0   BANK1   BANK2   BANK3   BANK4   BANK5
      Params:         2       0       0       0       0       0       0
      Locals:         6       0       0       0       0       0       0
      Temps:          5       0       0       0       0       0       0
      Totals:        13       0       0       0       0       0       0
Total ram usage:       13 bytes
 Hardware stack levels used:    1
 Hardware stack levels required when called:    2
 This function calls:
		_tlc_spi_send_data
		_tlc_sweep_delay
 This function is called by:
		_main
 This function uses a non-reentrant model


 *************** function _tlc_sweep_delay *****************
 Defined at:
		line 259 in file "tlc5940.c"
 Parameters:    Size  Location     Type
  count           2   14[COMRAM] int 
 Auto vars:     Size  Location     Type
		None
 Return value:  Size  Location     Type
		None               void
 Registers used:
		wreg, status,2, status,0
 Tracked objects:
		On entry : 
		On exit  : 
		Unchanged: 
 Data sizes:     COMRAM   BANK0   BANK1   BANK2   BANK3   BANK4   BANK5
      Params:         2       0       0       0       0       0       0
      Locals:         0       0       0       0       0       0       0
      Temps:          1       0       0       0       0       0       0
      Totals:         3       0       0       0       0       0       0
Total ram usage:        3 bytes
 Hardware stack levels used:    1
 Hardware stack levels required when called:    1
 This function calls:
		Nothing
 This function is called by:
		_tlc_sweep_update
 This function uses a non-reentrant model


 *************** function _tlc_sweep_set *****************
 Defined at:
		line 268 in file "tlc5940.c"
 Parameters:    Size  Location     Type
  tlc_servo_nu    1    wreg     unsigned char 
  value           1   14[COMRAM] unsigned char 
 Auto vars:     Size  Location     Type
  tlc_servo_nu    1   15[COMRAM] unsigned char 
 Return value:  Size  Location     Type
		None               void
 Registers used:
		wreg, fsr2l, fsr2h, status,2, status,0, prodl, prodh
 Tracked objects:
		On entry : 
		On exit  : 
		Unchanged: 
 Data sizes:     COMRAM   BANK0   BANK1   BANK2   BANK3   BANK4   BANK5
      Params:         1       0       0       0       0       0       0
      Locals:         1       0       0       0       0       0       0
      Temps:          0       0       0       0       0       0       0
      Totals:         2       0       0       0       0       0       0
Total ram usage:        2 bytes
 Hardware stack levels used:    1
 Hardware stack levels required when called:    1
 This function calls:
		Nothing
 This function is called by:
		_main
 This function uses a non-reentrant model


 *************** function _tlc_spi_init *****************
 Defined at:
		line 25 in file "tlc5940.c"
 Parameters:    Size  Location     Type
		None
 Auto vars:     Size  Location     Type
		None
 Return value:  Size  Location     Type
		None               void
 Registers used:
		None
 Tracked objects:
		On entry : 
		On exit  : 
		Unchanged: 
 Data sizes:     COMRAM   BANK0   BANK1   BANK2   BANK3   BANK4   BANK5
      Params:         0       0       0       0       0       0       0
      Locals:         0       0       0       0       0       0       0
      Temps:          0       0       0       0       0       0       0
      Totals:         0       0       0       0       0       0       0
Total ram usage:        0 bytes
 Hardware stack levels used:    1
 Hardware stack levels required when called:    1
 This function calls:
		Nothing
 This function is called by:
		_main
 This function uses a non-reentrant model


 *************** function _tlc_set *****************
 Defined at:
		line 208 in file "tlc5940.c"
 Parameters:    Size  Location     Type
  tlc_servo_nu    1    wreg     unsigned char 
  value           1   14[COMRAM] unsigned char 
 Auto vars:     Size  Location     Type
  tlc_servo_nu    1   15[COMRAM] unsigned char 
 Return value:  Size  Location     Type
		None               void
 Registers used:
		wreg, fsr2l, fsr2h, status,2, status,0, prodl, prodh
 Tracked objects:
		On entry : 
		On exit  : 
		Unchanged: 
 Data sizes:     COMRAM   BANK0   BANK1   BANK2   BANK3   BANK4   BANK5
      Params:         1       0       0       0       0       0       0
      Locals:         1       0       0       0       0       0       0
      Temps:          0       0       0       0       0       0       0
      Totals:         2       0       0       0       0       0       0
Total ram usage:        2 bytes
 Hardware stack levels used:    1
 Hardware stack levels required when called:    1
 This function calls:
		Nothing
 This function is called by:
		_main
 This function uses a non-reentrant model


 *************** function _tlc_pwm_init *****************
 Defined at:
		line 46 in file "tlc5940.c"
 Parameters:    Size  Location     Type
		None
 Auto vars:     Size  Location     Type
		None
 Return value:  Size  Location     Type
		None               void
 Registers used:
		wreg, status,2
 Tracked objects:
		On entry : 
		On exit  : 
		Unchanged: 
 Data sizes:     COMRAM   BANK0   BANK1   BANK2   BANK3   BANK4   BANK5
      Params:         0       0       0       0       0       0       0
      Locals:         0       0       0       0       0       0       0
      Temps:          0       0       0       0       0       0       0
      Totals:         0       0       0       0       0       0       0
Total ram usage:        0 bytes
 Hardware stack levels used:    1
 Hardware stack levels required when called:    1
 This function calls:
		Nothing
 This function is called by:
		_main
 This function uses a non-reentrant model


 *************** function _tlc_init *****************
 Defined at:
		line 72 in file "tlc5940.c"
 Parameters:    Size  Location     Type
		None
 Auto vars:     Size  Location     Type
  i               1   24[COMRAM] unsigned char 
  i               2   22[COMRAM] int 
  i               1   20[COMRAM] unsigned char 
  counter         1   21[COMRAM] unsigned char 
 Return value:  Size  Location     Type
		None               void
 Registers used:
		wreg, fsr1l, fsr1h, fsr2l, fsr2h, status,2, status,0, cstack
 Tracked objects:
		On entry : 
		On exit  : 
		Unchanged: 
 Data sizes:     COMRAM   BANK0   BANK1   BANK2   BANK3   BANK4   BANK5
      Params:         0       0       0       0       0       0       0
      Locals:         5       0       0       0       0       0       0
      Temps:          5       0       0       0       0       0       0
      Totals:        10       0       0       0       0       0       0
Total ram usage:       10 bytes
 Hardware stack levels used:    1
 Hardware stack levels required when called:    2
 This function calls:
		_tlc_spi_send_data
 This function is called by:
		_main
 This function uses a non-reentrant model


 *************** function _tlc_spi_send_data *****************
 Defined at:
		line 40 in file "tlc5940.c"
 Parameters:    Size  Location     Type
  data            1    wreg     unsigned char 
 Auto vars:     Size  Location     Type
  data            1   14[COMRAM] unsigned char 
 Return value:  Size  Location     Type
		None               void
 Registers used:
		wreg
 Tracked objects:
		On entry : 
		On exit  : 
		Unchanged: 
 Data sizes:     COMRAM   BANK0   BANK1   BANK2   BANK3   BANK4   BANK5
      Params:         0       0       0       0       0       0       0
      Locals:         1       0       0       0       0       0       0
      Temps:          0       0       0       0       0       0       0
      Totals:         1       0       0       0       0       0       0
Total ram usage:        1 bytes
 Hardware stack levels used:    1
 Hardware stack levels required when called:    1
 This function calls:
		Nothing
 This function is called by:
		_tlc_init
		_tlc_update
		_tlc_write
		_tlc_sweep_update
 This function uses a non-reentrant model


 *************** function _delay_sec *****************
 Defined at:
		line 24 in file "main.c"
 Parameters:    Size  Location     Type
		None
 Auto vars:     Size  Location     Type
  i               2   15[COMRAM] int 
 Return value:  Size  Location     Type
		None               void
 Registers used:
		wreg, status,2, status,0
 Tracked objects:
		On entry : 
		On exit  : 
		Unchanged: 
 Data sizes:     COMRAM   BANK0   BANK1   BANK2   BANK3   BANK4   BANK5
      Params:         0       0       0       0       0       0       0
      Locals:         2       0       0       0       0       0       0
      Temps:          1       0       0       0       0       0       0
      Totals:         3       0       0       0       0       0       0
Total ram usage:        3 bytes
 Hardware stack levels used:    1
 Hardware stack levels required when called:    1
 This function calls:
		Nothing
 This function is called by:
		_main
 This function uses a non-reentrant model


 *************** function _tlc_interrupt_blank *****************
 Defined at:
		line 32 in file "main.c"
 Parameters:    Size  Location     Type
		None
 Auto vars:     Size  Location     Type
		None
 Return value:  Size  Location     Type
		None               void
 Registers used:
		wreg, status,2, status,0
 Tracked objects:
		On entry : 
		On exit  : 
		Unchanged: 
 Data sizes:     COMRAM   BANK0   BANK1   BANK2   BANK3   BANK4   BANK5
      Params:         0       0       0       0       0       0       0
      Locals:         0       0       0       0       0       0       0
      Temps:         14       0       0       0       0       0       0
      Totals:        14       0       0       0       0       0       0
Total ram usage:       14 bytes
 Hardware stack levels used:    1
 This function calls:
		Nothing
 This function is called by:
		Interrupt level 2
 This function uses a non-reentrant model



MODULE INFORMATION

Module		Function		Class		Link	Load	Size
shared
		__initializatio		CODE           	077E	0000	12

shared estimated size: 12

tlc5940.c
		_tlc_init      		CODE           	01FA	0000	414
		_tlc_pwm_init  		CODE           	0732	0000	28
		_tlc_sweep_upda		CODE           	001C	0000	478
		_tlc_set       		CODE           	06B2	0000	48
		_tlc_sweep_set 		CODE           	074E	0000	26
		_tlc_update    		CODE           	0558	0000	200
		_tlc_spi_init  		CODE           	0768	0000	22
		_tlc_spi_send_d		CODE           	0790	0000	12
		_tlc_sweep_dela		CODE           	0712	0000	32
		_tlc_write     		CODE           	0398	0000	246

tlc5940.c estimated size: 1506

main.c
		_main          		CODE           	048E	0000	202
		_tlc_interrupt_		CODE           	0008	0000	1706
		_delay_sec     		CODE           	06E2	0000	48

main.c estimated size: 1956

